// Jest Snapshot v1, https://goo.gl/fbAQLP

exports[`<MarkdownImageProgressToast /> displays progression 1`] = `
.c1 {
  display: -webkit-box;
  display: -webkit-flex;
  display: -ms-flexbox;
  display: flex;
  box-sizing: border-box;
  max-width: 100%;
  min-width: 0;
  min-height: 0;
  -webkit-flex-direction: row;
  -ms-flex-direction: row;
  flex-direction: row;
}

.c4 {
  display: -webkit-box;
  display: -webkit-flex;
  display: -ms-flexbox;
  display: flex;
  box-sizing: border-box;
  max-width: 100%;
  -webkit-align-items: center;
  -webkit-box-align: center;
  -ms-flex-align: center;
  align-items: center;
  min-width: 0;
  min-height: 0;
  -webkit-flex-direction: column;
  -ms-flex-direction: column;
  flex-direction: column;
  padding: 0px;
}

.c3 {
  -webkit-flex: 0 0 auto;
  -ms-flex: 0 0 auto;
  flex: 0 0 auto;
  -webkit-align-self: stretch;
  -ms-flex-item-align: stretch;
  align-self: stretch;
  width: 24px;
}

.c5 {
  position: relative;
}

.c6 {
  position: relative;
  display: block;
}

.c8 {
  position: absolute;
  top: 50%;
  left: 50%;
  -webkit-transform: translate(-50%,-50%);
  -ms-transform: translate(-50%,-50%);
  transform: translate(-50%,-50%);
}

.c2 {
  font-size: 18px;
  line-height: 24px;
}

.c9 {
  font-size: 18px;
  line-height: 24px;
  font-weight: bold;
}

.c0 {
  font-size: 18px;
  line-height: 24px;
  box-sizing: border-box;
  -webkit-text-size-adjust: 100%;
  -ms-text-size-adjust: 100%;
  -moz-osx-font-smoothing: grayscale;
  -webkit-font-smoothing: antialiased;
}

.c7 {
  max-width: 100%;
  overflow: hidden;
}

.c7 path {
  -webkit-transition: stroke 0.3s,stroke-width 0.3s;
  transition: stroke 0.3s,stroke-width 0.3s;
}

@media only screen and (max-width:768px) {
  .c4 {
    padding: 0px;
  }
}

@media only screen and (max-width:768px) {
  .c3 {
    width: 12px;
  }
}

<div>
  <div
    class="c0"
  >
    <div
      style="position: fixed; z-index: 9999; top: 16px; left: 16px; right: 16px; bottom: 16px; pointer-events: none;"
    />
    <div
      data-testid="test-component-container"
    >
      <div
        class="c1"
      >
        <span
          class="c2"
        >
          some-file.test
        </span>
        <div
          class="c3"
        />
        <div
          class="c4"
        >
          <div
            class="c5"
          >
            <div
              class="c6"
            >
              <svg
                class="c7"
                height="24"
                preserveAspectRatio="none"
                viewBox="0 0 384 24"
                width="384"
              >
                <path
                  d="M 0,12 L 384,12"
                  fill="none"
                  stroke="#F2F2F2"
                  stroke-linecap="square"
                  stroke-opacity="0.4"
                  stroke-width="24"
                />
                <path
                  d="M 0,12 L 307.2,12"
                  fill="none"
                  stroke="#7D4CDB"
                  stroke-linecap="butt"
                  stroke-width="24"
                />
              </svg>
            </div>
            <div
              class="c8"
            >
              <span
                class="c9"
              >
                80%
              </span>
            </div>
          </div>
        </div>
      </div>
    </div>
  </div>
</div>
`;
